<form action="" method="POST" name="form" role="form" class="" id="form">
    <div class="row&#x20;mb-3">
        <label class="col-form-label&#x20;col-sm-2" for="inputEmail3">Email</label>
        <div class="col-sm-10">
            <input type="email" name="inputEmail3" id="inputEmail3" required="required" value="" class="form-control">
        </div>
    </div>
    <div class="row&#x20;mb-3">
        <label class="col-form-label&#x20;col-sm-2" for="inputPassword3">Password</label>
        <div class="col-sm-10">
            <input type="password" name="inputPassword3" id="inputPassword3" value="" class="form-control">
        </div>
    </div>
    <fieldset class="row&#x20;mb-3">
        <legend class="col-form-label&#x20;pt-0&#x20;col-sm-2">Address</legend>
        <div class="col-sm-10">
            <div class="card&#x20;has-validation&#x20;required">
                <div class="card-body">
                    <input type="radio" name="gridRadios" id="gridRadios1" required="required" value="option1" class="btn-check">
                    <label class="btn" for="gridRadios1">First radio</label>
                    <input type="radio" name="gridRadios" required="required" id="gridRadios2" value="option2" class="btn-check">
                    <label class="btn" for="gridRadios2">Second radio</label>
                    <input type="radio" name="gridRadios" required="required" id="gridRadios3" value="option3" class="btn-check">
                    <label class="btn" for="gridRadios3">Third disabled radio</label>
                </div>
            </div>
        </div>
    </fieldset>
    <fieldset class="row&#x20;mb-3">
        <legend class="col-form-label&#x20;pt-0&#x20;col-sm-2">Address</legend>
        <div class="col-sm-10">
            <div class="card&#x20;has-validation&#x20;required">
                <div class="card-body">
                    <label class="btn" for="gridRadios4">
                        <input type="radio" name="gridRadios2" id="gridRadios4" required="required" value="option1" class="btn-check">
                        <span>First radio</span>
                    </label>
                    <label class="btn" for="gridRadios5">
                        <input type="radio" name="gridRadios2" required="required" id="gridRadios5" value="option2" class="btn-check">
                        <span>Second radio</span>
                    </label>
                    <label class="btn" for="gridRadios6">
                        <input type="radio" name="gridRadios2" required="required" id="gridRadios6" value="option3" class="btn-check">
                        <span>Third disabled radio</span>
                    </label>
                </div>
            </div>
        </div>
    </fieldset>
    <div class="row&#x20;mb-3">
        <div class="offset-sm-2&#x20;col-sm-10">
            <div class="card&#x20;has-validation&#x20;required">
                <div class="card-body">
                    <input type="checkbox" name="gridCheck1" id="gridCheck1" required="required" value="1" class="btn-check">
                    <label for="gridCheck1" class="btn">Example checkbox</label>
                </div>
            </div>
        </div>
    </div>
    <div class="row&#x20;mb-3">
        <div class="offset-sm-2&#x20;col-sm-10">
            <div class="card&#x20;has-validation&#x20;required">
                <div class="card-body">
                    <label for="gridCheck2" class="btn">
                        <input type="checkbox" name="gridCheck2" id="gridCheck2" required="required" value="1" class="btn-check">
                        <span>Example checkbox</span>
                    </label>
                </div>
            </div>
        </div>
    </div>
    <div class="row&#x20;mb-3">
        <div class="col-12&#x20;col-sm-10">
            <button type="submit" name="button" class="btn&#x20;btn-primary">Sign in</button>
        </div>
    </div>
</form>