<form action="&#x2F;calculator&#x2F;hr&#x2F;1&#x2F;input&#x2F;2doqt23okbdqkgabg80guef8en&#x3F;subid&#x3D;A-00-000" method="post" name="form" accept-charset="utf-8" class="form&#x20;input-form&#x20;js-help&#x20;has-help&#x20;has-preloader&#x20;js-form-validation-base&#x20;col-12&#x20;js-input-form-init" data-show-arrow="left" id="hr-form" role="form">
    <fieldset>
        <legend class="headline-calculator"><span>Was möchten Sie versichern?</span></legend>
    </fieldset>
    <fieldset>
        <legend class="headline-calculator"><span>Rabattrelevante Angaben</span></legend>
    </fieldset>
    <fieldset class="collapse&#x20;toggle-box-kombirabatte&#x20;discount">
        <legend class="headline-calculator"><span>Kombirabatte für folgende Sparten-Kombinationen berücksichtigen</span></legend>
    </fieldset>
    <fieldset class="row">
        <legend class="col-form-label">weitere Fragen</legend>
        <div class="col-sm">
            <div class="card&#x20;has-validation&#x20;required">
                <div class="card-body">
                    <input type="hidden" name="zusatzfragen" value="x">
                    <div class="form-check">
                        <input type="radio" name="zusatzfragen" id="zusatzfragen_nein" required="required" data-event-type="click" data-event-category="versicherung" data-event-action="no&#x20;additional&#x20;questions" data-event-label="hr" value="nein" class="form-check-input&#x20;form-radio-input&#x20;js-gtm-event">
                        <label class="form-check-label" for="zusatzfragen_nein">Ich verzichte auf die Beantwortung weiterer Fragen und wähle aus dem Vergleich einen Tarif, der meinen Bedarf erfüllt.</label>
                    </div>
                    <div class="form-check">
                        <input type="radio" name="zusatzfragen" required="required" id="zusatzfragen_ja" data-event-type="click" data-event-category="versicherung" data-event-action="additional&#x20;questions&#x20;requested" data-event-label="hr" value="ja" class="form-check-input&#x20;form-radio-input&#x20;js-gtm-event">
                        <label class="form-check-label" for="zusatzfragen_ja">Ich möchte weitere Angaben zum gewünschten Versicherungsschutz machen. Es werden dann nur Tarife angezeigt, welche die Vorgaben erfüllen.</label>
                    </div>
                </div>
            </div>
        </div>
    </fieldset>
    <fieldset class="collapse&#x20;collapse-questions">
        <legend class="headline-calculator"><span>Optionale Detailfragen</span></legend>
    </fieldset>
    <div class="row">
        <div class="offset-sm-2&#x20;col-sm">
            <div class="card&#x20;has-validation&#x20;required">
                <div class="card-body">
                    <div data-x="x" class="form-check&#x20;form-switch&#x20;form-check-inline">
                        <input type="hidden" name="chkErstinfo" value="">
                        <label class="form-check-label&#x20;form-text" data-y="y" for="mrmoErstinfo">
                            <input type="checkbox" name="chkErstinfo" id="mrmoErstinfo" required="required" value="1" checked="checked" class="form-check-input">
                            <span>Ich bestätige, die Erstinformation für Versicherungsmakler gemäß § 15 VersVermV heruntergeladen und gelesen zu haben.</span>
                        </label>
                    </div>
                </div>
            </div>
        </div>
    </div>
    <div class="row">
        <div class="col-sm">
            <button type="submit" name="btn_berechnen" class="btn&#x20;btn-default&#x20;js-gtm-event" data-event-type="click" data-event-category="versicherung" data-event-action="calculate" data-event-label="hr">Berechnen</button>
        </div>
    </div>
    <input type="hidden" name="sToken" value="">
    <input type="hidden" name="zahlweise" value="">
    <input type="hidden" name="chkFilterNachhaltigkeit" value="">
    <input type="hidden" name="addressUri" id="addressUri" value="">
    <div class="mt-2 text-info-required">* Pflichtfeld</div>
</form>