<form action="&#x2F;calculator&#x2F;hr&#x2F;1&#x2F;input&#x2F;2doqt23okbdqkgabg80guef8en&#x3F;subid&#x3D;A-00-000" method="post" name="form" accept-charset="utf-8" class="form&#x20;input-form&#x20;js-help&#x20;has-help&#x20;has-preloader&#x20;js-form-validation-base&#x20;col-12&#x20;js-input-form-init" data-show-arrow="left" id="hr-form" role="form">
    <div>
        <div class="card">
            <fieldset class="card-body">
                <legend class="col-sm&#x20;card-title"><span>Was möchten Sie versichern?</span></legend>
            </fieldset>
        </div>
    </div>
    <div>
        <div class="card">
            <fieldset class="card-body">
                <legend class="col-sm&#x20;card-title"><span>Rabattrelevante Angaben</span></legend>
            </fieldset>
        </div>
    </div>
    <div>
        <div class="card">
            <fieldset class="card-body&#x20;collapse&#x20;toggle-box-kombirabatte&#x20;discount">
                <legend class="col-sm&#x20;card-title"><span>Kombirabatte für folgende Sparten-Kombinationen berücksichtigen</span></legend>
            </fieldset>
        </div>
    </div>
    <fieldset class="row">
        <legend class="col-form-label">weitere Fragen<span class="text-info-required">*</span></legend>
        <div class="col-sm">
            <div class="card&#x20;has-validation&#x20;required">
                <div class="card-body">
                    <div class="form-check">
                        <input type="radio" name="zusatzfragen" id="zusatzfragen_nein" required="required" class="form-check-input&#x20;form-radio-input&#x20;js-gtm-event" data-event-type="click" data-event-category="versicherung" data-event-action="no&#x20;additional&#x20;questions" data-event-label="hr" value="nein">
                        <label class="form-check-label" for="zusatzfragen_nein">Ich verzichte auf die Beantwortung weiterer Fragen und wähle aus dem Vergleich einen Tarif, der meinen Bedarf erfüllt.</label>
                    </div>
                    <div class="form-check">
                        <input type="radio" name="zusatzfragen" required="required" class="form-check-input&#x20;form-radio-input&#x20;js-gtm-event" id="zusatzfragen_ja" data-event-type="click" data-event-category="versicherung" data-event-action="additional&#x20;questions&#x20;requested" data-event-label="hr" value="ja" checked="checked">
                        <label class="form-check-label" for="zusatzfragen_ja">Ich möchte weitere Angaben zum gewünschten Versicherungsschutz machen. Es werden dann nur Tarife angezeigt, welche die Vorgaben erfüllen.</label>
                    </div>
                </div>
            </div>
        </div>
    </fieldset>
    <div>
        <div class="card">
            <fieldset class="card-body&#x20;collapse&#x20;collapse-questions">
                <legend class="col-sm&#x20;card-title"><span>Optionale Detailfragen</span></legend>
            </fieldset>
        </div>
    </div>
    <div class="row">
        <div class="col-form-label"></div>
        <div class="col-sm">
            <div class="card&#x20;has-validation&#x20;required">
                <div class="card-body">
                    <div class="form-check">
                        <input type="hidden" name="chkErstinfo" value="">
                        <input type="checkbox" name="chkErstinfo" id="mrmoErstinfo" required="required" class="form-check-input&#x20;is-invalid" aria-describedby="mrmoErstinfoFeedback" value="1">
                        <label for="mrmoErstinfo" class="form-check-label">Ich bestätige, die Erstinformation für Versicherungsmakler gemäß § 15 VersVermV heruntergeladen und gelesen zu haben.</label>
                    </div>
                </div>
            </div>
            <div class="invalid-feedback" id="mrmoErstinfoFeedback">
                <ul>
                    <li>Value is required and can&#039;t be empty</li>
                </ul>
            </div>
        </div>
    </div>
    <div class="row">
        <div class="col-sm">
            <button type="submit" name="btn_berechnen" class="btn&#x20;btn-default&#x20;js-gtm-event" data-event-type="click" data-event-category="versicherung" data-event-action="calculate" data-event-label="hr">Berechnen</button>
        </div>
    </div>
    <input type="hidden" name="sToken" class="" value="">
    <input type="hidden" name="zahlweise" class="" value="">
    <input type="hidden" name="chkFilterNachhaltigkeit" class="" value="">
    <input type="hidden" name="addressUri" id="addressUri" class="" value="">
    <div class="mt-2 text-info-required">* Pflichtfeld</div>
</form>