<select name="month" class="form-select">
    <option value=""></option>
    <option value="01">Januar</option>
    <option value="02">Februar</option>
    <option value="03">MÃ¤rz</option>
    <option value="04">April</option>
    <option value="05">Mai</option>
    <option value="06">Juni</option>
    <option value="07">Juli</option>
    <option value="08">August</option>
    <option value="09">September</option>
    <option value="10">Oktober</option>
    <option value="11">November</option>
    <option value="12">Dezember</option>
</select>
 
<select name="year" class="form-select">
    <option value=""></option>
    <option value="2024">2024</option>
    <option value="2023">2023</option>
</select>