<!-- --><div class="form-check">
<!-- -->    <label class="form-check-label" for="inputRadio3">
<!-- -->        <input type="radio" name="inputRadio" id="inputRadio3" value="def" class="form-check-input">
<!-- -->        <span>abc</span>
<!-- -->    </label>
<!-- --></div>