<!-- --><label class="btn" for="inputRadio3">
<!-- -->    <input type="radio" name="inputRadio" id="inputRadio3" value="def" class="btn-check">
<!-- -->    <span>abc</span>
<!-- --></label>