<!-- --><label class="btn" for="gridRadios1">
<!-- -->    <input type="radio" name="inputRadio" id="gridRadios1" value="option1" class="btn-check">
<!-- -->    <span>First radio</span>
<!-- --></label>
<!-- --><label class="btn" for="gridRadios2">
<!-- -->    <input type="radio" name="inputRadio" id="gridRadios2" value="option2" class="btn-check">
<!-- -->    <span>Second radio</span>
<!-- --></label>
<!-- --><label class="btn" for="gridRadios3">
<!-- -->    <input type="radio" name="inputRadio" id="gridRadios3" value="option3" class="btn-check">
<!-- -->    <span>Third disabled radio</span>
<!-- --></label>