<!-- --><div class="form-check">
<!-- -->    <input type="radio" name="inputRadio" id="inputRadio3" value="def" class="form-check-input">
<!-- -->    <label class="form-check-label" for="inputRadio3">abc</label>
<!-- --></div>