<!-- --><label class="btn" for="inputRadio3">abc</label>
<!-- --><input type="radio" name="inputRadio" id="inputRadio3" value="def" class="btn-check">