<!-- --><div data-x="x" class="form-check&#x20;form-check-inline&#x20;form-switch">
<!-- -->    <label class="form-check-label&#x20;form-text" data-y="y" data-a="a" for="zusatzfragen_nein">
<!-- -->        <input type="radio" name="inputRadio" id="zusatzfragen_nein" data-event-type="click" data-event-category="versicherung" data-event-action="no&#x20;additional&#x20;questions" data-event-label="hr" value="nein" disabled="disabled" aria-disabled="true" class="form-check-input&#x20;form-radio-input&#x20;js-gtm-event">
<!-- -->        <span>Ich verzichte auf die Beantwortung weiterer Fragen und wähle aus dem Vergleich einen Tarif, der meinen Bedarf erfüllt.</span>
<!-- -->    </label>
<!-- --></div>
<!-- --><div data-x="x" class="form-check&#x20;form-check-inline&#x20;form-switch">
<!-- -->    <label class="form-check-label&#x20;form-text" data-y="y" data-b="b" for="zusatzfragen_ja">
<!-- -->        <input type="radio" name="inputRadio" id="zusatzfragen_ja" data-event-type="click" data-event-category="versicherung" data-event-action="additional&#x20;questions&#x20;requested" data-event-label="hr" value="ja" checked="checked" class="form-check-input&#x20;form-radio-input&#x20;js-gtm-event">
<!-- -->        <span>Ich möchte weitere Angaben zum gewünschten Versicherungsschutz machen. Es werden dann nur Tarife angezeigt, welche die Vorgaben erfüllen.</span>
<!-- -->    </label>
<!-- --></div>