<!-- --><div class="form-check">
<!-- -->    <label class="form-check-label" for="zusatzfragen_nein">
<!-- -->        <span>Ich verzichte auf die Beantwortung weiterer Fragen und wähle aus dem Vergleich einen Tarif, der meinen Bedarf erfüllt.</span>
<!-- -->        <input type="radio" name="inputRadio" id="zusatzfragen_nein" data-event-type="click" data-event-category="versicherung" data-event-action="no&#x20;additional&#x20;questions" data-event-label="hr" value="nein" class="form-check-input&#x20;form-radio-input&#x20;js-gtm-event">
<!-- -->    </label>
<!-- --></div>
<!-- --><div class="form-check">
<!-- -->    <label class="form-check-label" for="zusatzfragen_ja">
<!-- -->        <span>Ich möchte weitere Angaben zum gewünschten Versicherungsschutz machen. Es werden dann nur Tarife angezeigt, welche die Vorgaben erfüllen.</span>
<!-- -->        <input type="radio" name="inputRadio" id="zusatzfragen_ja" data-event-type="click" data-event-category="versicherung" data-event-action="additional&#x20;questions&#x20;requested" data-event-label="hr" value="ja" class="form-check-input&#x20;form-radio-input&#x20;js-gtm-event">
<!-- -->    </label>
<!-- --></div>