<!-- --><input type="radio" name="inputRadio" id="gridRadios1" value="option1" class="btn-check">
<!-- --><label class="btn" for="gridRadios1">First radio</label>
<!-- --><input type="radio" name="inputRadio" id="gridRadios2" value="option2" class="btn-check">
<!-- --><label class="btn" for="gridRadios2">Second radio</label>
<!-- --><input type="radio" name="inputRadio" id="gridRadios3" value="option3" class="btn-check">
<!-- --><label class="btn" for="gridRadios3">Third disabled radio</label>